
> new-inyutek@0.1.0 build
> next build

??? Next.js 16.1.1 (Turbopack)
- Environments: .env

  Creating an optimized production build ...
