node.exe : 
At C:\Program Files\nodejs\npm.ps1:29 
char:3
+   & $NODE_EXE $NPM_CLI_JS $args
+   ~~~~~~~~~~~~~~~~~~~~~~~~~~~~~
    + CategoryInfo          : NotSpecifi 
   ed: (:String) [], RemoteException
    + FullyQualifiedErrorId : NativeComm 
   andError
 
> Build error occurred
Error: Turbopack build failed with 4 
errors:
./app/api/blueprint/route.ts
Reading source code for parsing failed
An unexpected error happened while 
trying to read the source code to parse: 
failed to convert rope into string

Caused by:
- invalid utf-8 sequence of 1 bytes from 
index 0


./components/blueprint/BlueprintForm.tsx
Reading source code for parsing failed
An unexpected error happened while 
trying to read the source code to parse: 
failed to convert rope into string

Caused by:
- invalid utf-8 sequence of 1 bytes from 
index 0

Import trace:
  Server Component:
    
./components/blueprint/BlueprintForm.tsx
    ./app/blueprint/page.tsx


./app/blueprint/page.tsx:3:1
[1m[31mModule not found[39m[22m: 
Can't resolve 
[32m'@/components/layout/Footer'[39m
[0m [90m 1 |[39m [36mimport[39m { 
[33mBlueprintForm[39m } [36mfrom[39m 
[32m"@/components/blueprint/BlueprintFor
m"[39m[33m;[39m
 [90m 2 |[39m [36mimport[39m { 
[33mNavbar[39m } [36mfrom[39m [32m"@
/components/layout/Navbar"[39m[33m;[39
m
[31m[1m>[22m[39m[90m 3 |[39m 
[36mimport[39m { [33mFooter[39m } 
[36mfrom[39m [32m"@/components/layout/
Footer"[39m[33m;[39m
 [90m   |[39m [31m[1m^[22m[39m[31m
[1m^[22m[39m[31m[1m^[22m[39m[31m
[1m^[22m[39m[31m[1m^[22m[39m[31m[
1m^[22m[39m[31m[1m^[22m[39m[31m[1
m^[22m[39m[31m[1m^[22m[39m[31m[1m
^[22m[39m[31m[1m^[22m[39m[31m[1m^
[22m[39m[31m[1m^[22m[39m[31m[1m^
[22m[39m[31m[1m^[22m[39m[31m[1m^[
22m[39m[31m[1m^[22m[39m[31m[1m^[2
2m[39m[31m[1m^[22m[39m[31m[1m^[22
m[39m[31m[1m^[22m[39m[31m[1m^[22m
[39m[31m[1m^[22m[39m[31m[1m^[22m
[39m[31m[1m^[22m[39m[31m[1m^[22m[
39m[31m[1m^[22m[39m[31m[1m^[22m[3
9m[31m[1m^[22m[39m[31m[1m^[22m[39
m[31m[1m^[22m[39m[31m[1m^[22m[39m
[31m[1m^[22m[39m[31m[1m^[22m[39m
[31m[1m^[22m[39m[31m[1m^[22m[39m[
31m[1m^[22m[39m[31m[1m^[22m[39m[3
1m[1m^[22m[39m[31m[1m^[22m[39m[31
m[1m^[22m[39m[31m[1m^[22m[39m[31m
[1m^[22m[39m[31m[1m^[22m[39m[31m
[1m^[22m[39m[31m[1m^[22m[39m[31m[
1m^[22m[39m[31m[1m^[22m[39m[31m[1
m^[22m[39m[31m[1m^[22m[39m[31m[1m
^[22m[39m[31m[1m^[22m[39m
 [90m 4 |[39m
 [90m 5 |[39m [36mexport[39m 
[36mdefault[39m [36mfunction[39m 
[33mBlueprintPage[39m() {
 [90m 6 |[39m     [36mreturn[39m 
([0m

Import map: aliased to relative 
'./components/layout/Footer' inside of 
[project]/


https://nextjs.org/docs/messages/module-n
ot-found


./app/blueprint/page.tsx:2:1
[1m[31mModule not found[39m[22m: 
Can't resolve 
[32m'@/components/layout/Navbar'[39m
[0m [90m 1 |[39m [36mimport[39m { 
[33mBlueprintForm[39m } [36mfrom[39m 
[32m"@/components/blueprint/BlueprintFor
m"[39m[33m;[39m
[31m[1m>[22m[39m[90m 2 |[39m 
[36mimport[39m { [33mNavbar[39m } 
[36mfrom[39m [32m"@/components/layout/
Navbar"[39m[33m;[39m
 [90m   |[39m [31m[1m^[22m[39m[31m
[1m^[22m[39m[31m[1m^[22m[39m[31m
[1m^[22m[39m[31m[1m^[22m[39m[31m[
1m^[22m[39m[31m[1m^[22m[39m[31m[1
m^[22m[39m[31m[1m^[22m[39m[31m[1m
^[22m[39m[31m[1m^[22m[39m[31m[1m^
[22m[39m[31m[1m^[22m[39m[31m[1m^
[22m[39m[31m[1m^[22m[39m[31m[1m^[
22m[39m[31m[1m^[22m[39m[31m[1m^[2
2m[39m[31m[1m^[22m[39m[31m[1m^[22
m[39m[31m[1m^[22m[39m[31m[1m^[22m
[39m[31m[1m^[22m[39m[31m[1m^[22m
[39m[31m[1m^[22m[39m[31m[1m^[22m[
39m[31m[1m^[22m[39m[31m[1m^[22m[3
9m[31m[1m^[22m[39m[31m[1m^[22m[39
m[31m[1m^[22m[39m[31m[1m^[22m[39m
[31m[1m^[22m[39m[31m[1m^[22m[39m
[31m[1m^[22m[39m[31m[1m^[22m[39m[
31m[1m^[22m[39m[31m[1m^[22m[39m[3
1m[1m^[22m[39m[31m[1m^[22m[39m[31
m[1m^[22m[39m[31m[1m^[22m[39m[31m
[1m^[22m[39m[31m[1m^[22m[39m[31m
[1m^[22m[39m[31m[1m^[22m[39m[31m[
1m^[22m[39m[31m[1m^[22m[39m[31m[1
m^[22m[39m[31m[1m^[22m[39m[31m[1m
^[22m[39m[31m[1m^[22m[39m
 [90m 3 |[39m [36mimport[39m { 
[33mFooter[39m } [36mfrom[39m [32m"@
/components/layout/Footer"[39m[33m;[39
m
 [90m 4 |[39m
 [90m 5 |[39m [36mexport[39m 
[36mdefault[39m [36mfunction[39m 
[33mBlueprintPage[39m() {[0m

Import map: aliased to relative 
'./components/layout/Navbar' inside of 
[project]/


https://nextjs.org/docs/messages/module-n
ot-found


    at <unknown> 
(./app/blueprint/page.tsx:3:1)
    at <unknown> (https://nextjs.org/docs
/messages/module-not-found)
    at <unknown> 
(./app/blueprint/page.tsx:2:1)
    at <unknown> (https://nextjs.org/docs
/messages/module-not-found)
